// Jest Snapshot v1, https://goo.gl/fbAQLP

exports[`App renders without crashing 1`] = `
ShallowWrapper {
  "length": 1,
  Symbol(enzyme.__root__): [Circular],
  Symbol(enzyme.__unrendered__): <App />,
  Symbol(enzyme.__renderer__): Object {
    "batchedUpdates": [Function],
    "getNode": [Function],
    "render": [Function],
    "simulateEvent": [Function],
    "unmount": [Function],
  },
  Symbol(enzyme.__node__): Object {
    "instance": null,
    "key": null,
    "nodeType": "class",
    "props": Object {
      "children": Array [
        <GithubCorner
          ariaLabel="Open GitHub project"
          bannerColor="#151513"
          direction="right"
          href="https://github.com/bantuist/magic-squares"
          octoColor="#fff"
          size={80}
/>,
        <styled.div>
          <styled.header>
                    <styled.h1>
                              Magic Squares
                    </styled.h1>
                    <styled.code>
                              &lt;
                              UnderDevelopment 
                              /&gt;
                    </styled.code>
          </styled.header>
          <Connect(MagicSquares) />
</styled.div>,
      ],
      "className": "App",
    },
    "ref": null,
    "rendered": Array [
      Object {
        "instance": null,
        "key": null,
        "nodeType": "class",
        "props": Object {
          "ariaLabel": "Open GitHub project",
          "bannerColor": "#151513",
          "direction": "right",
          "href": "https://github.com/bantuist/magic-squares",
          "octoColor": "#fff",
          "size": 80,
        },
        "ref": null,
        "rendered": null,
        "type": [Function],
      },
      Object {
        "instance": null,
        "key": null,
        "nodeType": "class",
        "props": Object {
          "children": Array [
            <styled.header>
              <styled.h1>
                            Magic Squares
              </styled.h1>
              <styled.code>
                            &lt;
                            UnderDevelopment 
                            /&gt;
              </styled.code>
</styled.header>,
            <Connect(MagicSquares) />,
          ],
        },
        "ref": null,
        "rendered": Array [
          Object {
            "instance": null,
            "key": null,
            "nodeType": "class",
            "props": Object {
              "children": Array [
                <styled.h1>
                  Magic Squares
</styled.h1>,
                <styled.code>
                  &lt;
                  UnderDevelopment 
                  /&gt;
</styled.code>,
              ],
            },
            "ref": null,
            "rendered": Array [
              Object {
                "instance": null,
                "key": null,
                "nodeType": "class",
                "props": Object {
                  "children": "Magic Squares",
                },
                "ref": null,
                "rendered": "Magic Squares",
                "type": [Function],
              },
              Object {
                "instance": null,
                "key": null,
                "nodeType": "class",
                "props": Object {
                  "children": Array [
                    "<",
                    "UnderDevelopment ",
                    "/>",
                  ],
                },
                "ref": null,
                "rendered": Array [
                  "<",
                  "UnderDevelopment ",
                  "/>",
                ],
                "type": [Function],
              },
            ],
            "type": [Function],
          },
          Object {
            "instance": null,
            "key": null,
            "nodeType": "class",
            "props": Object {},
            "ref": null,
            "rendered": null,
            "type": [Function],
          },
        ],
        "type": [Function],
      },
    ],
    "type": [Function],
  },
  Symbol(enzyme.__nodes__): Array [
    Object {
      "instance": null,
      "key": null,
      "nodeType": "class",
      "props": Object {
        "children": Array [
          <GithubCorner
            ariaLabel="Open GitHub project"
            bannerColor="#151513"
            direction="right"
            href="https://github.com/bantuist/magic-squares"
            octoColor="#fff"
            size={80}
/>,
          <styled.div>
            <styled.header>
                        <styled.h1>
                                    Magic Squares
                        </styled.h1>
                        <styled.code>
                                    &lt;
                                    UnderDevelopment 
                                    /&gt;
                        </styled.code>
            </styled.header>
            <Connect(MagicSquares) />
</styled.div>,
        ],
        "className": "App",
      },
      "ref": null,
      "rendered": Array [
        Object {
          "instance": null,
          "key": null,
          "nodeType": "class",
          "props": Object {
            "ariaLabel": "Open GitHub project",
            "bannerColor": "#151513",
            "direction": "right",
            "href": "https://github.com/bantuist/magic-squares",
            "octoColor": "#fff",
            "size": 80,
          },
          "ref": null,
          "rendered": null,
          "type": [Function],
        },
        Object {
          "instance": null,
          "key": null,
          "nodeType": "class",
          "props": Object {
            "children": Array [
              <styled.header>
                <styled.h1>
                                Magic Squares
                </styled.h1>
                <styled.code>
                                &lt;
                                UnderDevelopment 
                                /&gt;
                </styled.code>
</styled.header>,
              <Connect(MagicSquares) />,
            ],
          },
          "ref": null,
          "rendered": Array [
            Object {
              "instance": null,
              "key": null,
              "nodeType": "class",
              "props": Object {
                "children": Array [
                  <styled.h1>
                    Magic Squares
</styled.h1>,
                  <styled.code>
                    &lt;
                    UnderDevelopment 
                    /&gt;
</styled.code>,
                ],
              },
              "ref": null,
              "rendered": Array [
                Object {
                  "instance": null,
                  "key": null,
                  "nodeType": "class",
                  "props": Object {
                    "children": "Magic Squares",
                  },
                  "ref": null,
                  "rendered": "Magic Squares",
                  "type": [Function],
                },
                Object {
                  "instance": null,
                  "key": null,
                  "nodeType": "class",
                  "props": Object {
                    "children": Array [
                      "<",
                      "UnderDevelopment ",
                      "/>",
                    ],
                  },
                  "ref": null,
                  "rendered": Array [
                    "<",
                    "UnderDevelopment ",
                    "/>",
                  ],
                  "type": [Function],
                },
              ],
              "type": [Function],
            },
            Object {
              "instance": null,
              "key": null,
              "nodeType": "class",
              "props": Object {},
              "ref": null,
              "rendered": null,
              "type": [Function],
            },
          ],
          "type": [Function],
        },
      ],
      "type": [Function],
    },
  ],
  Symbol(enzyme.__options__): Object {
    "adapter": ReactSixteenAdapter {
      "options": Object {
        "enableComponentDidUpdateOnSetState": true,
      },
    },
    "disableLifecycleMethods": true,
  },
}
`;
